Operations to perform:
  Apply all migrations: admin, auth, contenttypes, sessions
Running migrations:
  Applying contenttypes.0001_initial... OK
  Applying auth.0001_initial... OK
  Applying admin.0001_initial... OK
  Applying admin.0002_logentry_remove_auto_add... OK
  Applying admin.0003_logentry_add_action_flag_choices... OK
  Applying contenttypes.0002_remove_content_type_name... OK
  Applying auth.0002_alter_permission_name_max_length... OK
  Applying auth.0003_alter_user_email_max_length... OK
  Applying auth.0004_alter_user_username_opts... OK
  Applying auth.0005_alter_user_last_login_null... OK
  Applying auth.0006_require_contenttypes_0002... OK
  Applying auth.0007_alter_validators_add_error_messages... OK
  Applying auth.0008_alter_user_username_max_length... OK
  Applying auth.0009_alter_user_last_name_max_length... OK
  Applying auth.0010_alter_group_name_max_length... OK
  Applying auth.0011_update_proxy_permissions... OK
  Applying auth.0012_alter_user_first_name_max_length... OK
  Applying sessions.0001_initial... OK
Watching for file changes with StatReloader
Performing system checks...

System check identified no issues (0 silenced).
July 01, 2025 - 13:10:30
Django version 5.2, using settings 'config.settings'
Starting development server at http://0.0.0.0:3001/
Quit the server with CONTROL-C.

WARNING: This is a development server. Do not use it in a production setting. Use a production WSGI or ASGI server instead.
For more information on production servers see: https://docs.djangoproject.com/en/5.2/howto/deployment/
[01/Jul/2025 13:17:41] "HEAD /docs HTTP/1.1" 301 0
[01/Jul/2025 13:17:41] "HEAD /docs HTTP/1.1" 301 0
[01/Jul/2025 13:17:41] "HEAD /docs HTTP/1.1" 301 0
[01/Jul/2025 13:17:41] "HEAD /docs HTTP/1.1" 301 0
[01/Jul/2025 13:17:41] "HEAD /docs HTTP/1.1" 301 0
[01/Jul/2025 13:17:41] "HEAD /docs HTTP/1.1" 301 0
[01/Jul/2025 13:17:42] "HEAD /docs/ HTTP/1.1" 200 0
[01/Jul/2025 13:17:42] "HEAD /docs/ HTTP/1.1" 200 0
[01/Jul/2025 13:17:42] "HEAD /docs/ HTTP/1.1" 200 0
[01/Jul/2025 13:17:42] "HEAD /docs/ HTTP/1.1" 200 0
[01/Jul/2025 13:17:42] "HEAD /docs/ HTTP/1.1" 200 0
[01/Jul/2025 13:17:42] "HEAD /docs/ HTTP/1.1" 200 0
[01/Jul/2025 13:17:43] "GET /docs HTTP/1.1" 301 0
[01/Jul/2025 13:17:43] "GET /docs/ HTTP/1.1" 200 2206
[01/Jul/2025 13:17:43] "GET /docs/ HTTP/1.1" 200 2206
[01/Jul/2025 13:17:48] "GET /docs HTTP/1.1" 301 0
[01/Jul/2025 13:17:48] "GET /docs/ HTTP/1.1" 200 2206
[01/Jul/2025 13:17:48] "GET /static/drf-yasg/style.css HTTP/1.1" 200 1047
[01/Jul/2025 13:17:48] "GET /static/drf-yasg/swagger-ui-dist/swagger-ui.css HTTP/1.1" 200 145206
[01/Jul/2025 13:17:48] "GET /static/drf-yasg/immutable.min.js HTTP/1.1" 200 56904
[01/Jul/2025 13:17:48] "GET /static/drf-yasg/insQ.min.js HTTP/1.1" 200 2093
[01/Jul/2025 13:17:48] "GET /static/drf-yasg/swagger-ui-init.js HTTP/1.1" 200 15480
[01/Jul/2025 13:17:48] "GET /static/drf-yasg/swagger-ui-dist/swagger-ui-standalone-preset.js HTTP/1.1" 200 322863
[01/Jul/2025 13:17:48] "GET /static/drf-yasg/swagger-ui-dist/swagger-ui-bundle.js HTTP/1.1" 200 1046583
[01/Jul/2025 13:17:54] "GET /static/drf-yasg/swagger-ui-dist/favicon-32x32.png HTTP/1.1" 200 628
[01/Jul/2025 13:17:54] "GET /docs/?format=openapi HTTP/1.1" 200 6251
[01/Jul/2025 13:17:55] "GET /docs/?format=openapi HTTP/1.1" 200 6251
/home/kavia/workspace/code-generation/eventmanagerapi-63356-3d1b5f05/event_manager_backend/config/settings.py changed, reloading.
Watching for file changes with StatReloader
Performing system checks...

System check identified no issues (0 silenced).
July 01, 2025 - 13:18:35
Django version 5.2, using settings 'config.settings'
Starting development server at http://0.0.0.0:3001/
Quit the server with CONTROL-C.

WARNING: This is a development server. Do not use it in a production setting. Use a production WSGI or ASGI server instead.
For more information on production servers see: https://docs.djangoproject.com/en/5.2/howto/deployment/
[01/Jul/2025 13:20:28] "HEAD /docs HTTP/1.1" 301 0
[01/Jul/2025 13:20:28] "HEAD /docs HTTP/1.1" 301 0
[01/Jul/2025 13:20:28] "HEAD /docs HTTP/1.1" 301 0
[01/Jul/2025 13:20:28] "HEAD /docs HTTP/1.1" 301 0
[01/Jul/2025 13:20:28] "HEAD /docs HTTP/1.1" 301 0
[01/Jul/2025 13:20:28] "HEAD /docs HTTP/1.1" 301 0
[01/Jul/2025 13:20:28] "HEAD /docs/ HTTP/1.1" 200 0
[01/Jul/2025 13:20:28] "HEAD /docs/ HTTP/1.1" 200 0
[01/Jul/2025 13:20:28] "HEAD /docs/ HTTP/1.1" 200 0
[01/Jul/2025 13:20:28] "HEAD /docs/ HTTP/1.1" 200 0
[01/Jul/2025 13:20:28] "HEAD /docs/ HTTP/1.1" 200 0
[01/Jul/2025 13:20:28] "HEAD /docs/ HTTP/1.1" 200 0
[01/Jul/2025 13:20:29] "GET /docs/ HTTP/1.1" 200 2206
[01/Jul/2025 13:20:29] "GET /docs/ HTTP/1.1" 200 2206
[01/Jul/2025 13:20:32] "GET /docs/ HTTP/1.1" 200 2206
[01/Jul/2025 13:20:32] "GET /static/drf-yasg/swagger-ui-dist/swagger-ui-standalone-preset.js HTTP/1.1" 304 0
[01/Jul/2025 13:20:32] "GET /static/drf-yasg/style.css HTTP/1.1" 304 0
[01/Jul/2025 13:20:32] "GET /static/drf-yasg/swagger-ui-dist/swagger-ui.css HTTP/1.1" 304 0
[01/Jul/2025 13:20:32] "GET /static/drf-yasg/swagger-ui-dist/swagger-ui-bundle.js HTTP/1.1" 304 0
[01/Jul/2025 13:20:32] "GET /static/drf-yasg/swagger-ui-init.js HTTP/1.1" 304 0
[01/Jul/2025 13:20:32] "GET /static/drf-yasg/insQ.min.js HTTP/1.1" 304 0
[01/Jul/2025 13:20:32] "GET /static/drf-yasg/immutable.min.js HTTP/1.1" 304 0
[01/Jul/2025 13:20:33] "GET /static/drf-yasg/swagger-ui-dist/favicon-32x32.png HTTP/1.1" 304 0
[01/Jul/2025 13:20:33] "GET /docs/?format=openapi HTTP/1.1" 200 6252
[01/Jul/2025 13:20:33] "GET /docs/?format=openapi HTTP/1.1" 200 6252
[01/Jul/2025 13:20:42] "GET /static/drf-yasg/swagger-ui-dist/swagger-ui.css.map HTTP/1.1" 200 251096
[01/Jul/2025 13:20:42] "GET /static/drf-yasg/swagger-ui-dist/swagger-ui-bundle.js.map HTTP/1.1" 200 1540070
[01/Jul/2025 13:20:42] "GET /static/drf-yasg/swagger-ui-dist/swagger-ui-standalone-preset.js.map HTTP/1.1" 200 517830
[01/Jul/2025 13:25:30] "GET /redoc/ HTTP/1.1" 200 923
[01/Jul/2025 13:25:30] "GET /static/drf-yasg/style.css HTTP/1.1" 200 1047
[01/Jul/2025 13:25:30] "GET /static/drf-yasg/redoc-init.js HTTP/1.1" 200 2566
[01/Jul/2025 13:25:30] "GET /static/drf-yasg/insQ.min.js HTTP/1.1" 200 2093
[01/Jul/2025 13:25:30] "GET /static/drf-yasg/redoc/redoc.min.js HTTP/1.1" 200 1042511
[01/Jul/2025 13:25:34] "GET /static/drf-yasg/redoc/redoc-logo.png HTTP/1.1" 200 4969
[01/Jul/2025 13:25:34] "GET /redoc/?format=openapi HTTP/1.1" 200 6252
[01/Jul/2025 13:25:34] "GET /static/drf-yasg/redoc/redoc.standalone.js.map HTTP/1.1" 200 3726289
Not Found: /0a6ad30060afff00cb34.worker.js.map
[01/Jul/2025 13:25:36] "GET /0a6ad30060afff00cb34.worker.js.map HTTP/1.1" 404 2983
[01/Jul/2025 13:25:51] "GET /static/drf-yasg/swagger-ui-dist/swagger-ui.css.map HTTP/1.1" 200 251096
[01/Jul/2025 13:25:51] "GET /static/drf-yasg/swagger-ui-dist/swagger-ui-standalone-preset.js.map HTTP/1.1" 200 517830
[01/Jul/2025 13:25:51] "GET /static/drf-yasg/swagger-ui-dist/swagger-ui.css.map HTTP/1.1" 200 251096
[01/Jul/2025 13:25:51] "GET /static/drf-yasg/swagger-ui-dist/swagger-ui-bundle.js.map HTTP/1.1" 200 1540070
Not Found: /swagger/
[01/Jul/2025 13:25:56] "GET /swagger/ HTTP/1.1" 404 2905
Not Found: /favicon.ico
[01/Jul/2025 13:25:56] "GET /favicon.ico HTTP/1.1" 404 2914
[01/Jul/2025 13:25:59] "GET /static/drf-yasg/swagger-ui-dist/swagger-ui.css.map HTTP/1.1" 200 251096
[01/Jul/2025 13:25:59] "GET /static/drf-yasg/swagger-ui-dist/swagger-ui-standalone-preset.js.map HTTP/1.1" 200 517830
[01/Jul/2025 13:25:59] "GET /static/drf-yasg/swagger-ui-dist/swagger-ui.css.map HTTP/1.1" 200 251096
[01/Jul/2025 13:25:59] "GET /static/drf-yasg/swagger-ui-dist/swagger-ui-bundle.js.map HTTP/1.1" 200 1540070
[01/Jul/2025 13:26:22] "GET /swagger.json HTTP/1.1" 200 7100
/home/kavia/workspace/code-generation/eventmanagerapi-63356-3d1b5f05/event_manager_backend/api/views.py changed, reloading.
Watching for file changes with StatReloader
Performing system checks...

System check identified no issues (0 silenced).
July 01, 2025 - 13:28:25
Django version 5.2, using settings 'config.settings'
Starting development server at http://0.0.0.0:3001/
Quit the server with CONTROL-C.

WARNING: This is a development server. Do not use it in a production setting. Use a production WSGI or ASGI server instead.
For more information on production servers see: https://docs.djangoproject.com/en/5.2/howto/deployment/
[01/Jul/2025 13:28:42] "GET /api/health HTTP/1.1" 301 0
Internal Server Error: /api/health/
Traceback (most recent call last):
  File "/home/kavia/workspace/code-generation/eventmanagerapi-63356-3d1b5f05/event_manager_backend/venv/lib/python3.12/site-packages/django/core/handlers/exception.py", line 55, in inner
    response = get_response(request)
               ^^^^^^^^^^^^^^^^^^^^^
  File "/home/kavia/workspace/code-generation/eventmanagerapi-63356-3d1b5f05/event_manager_backend/venv/lib/python3.12/site-packages/django/core/handlers/base.py", line 197, in _get_response
    response = wrapped_callback(request, *callback_args, **callback_kwargs)
               ^^^^^^^^^^^^^^^^^^^^^^^^^^^^^^^^^^^^^^^^^^^^^^^^^^^^^^^^^^^^
  File "/home/kavia/workspace/code-generation/eventmanagerapi-63356-3d1b5f05/event_manager_backend/venv/lib/python3.12/site-packages/django/views/decorators/csrf.py", line 65, in _view_wrapper
    return view_func(request, *args, **kwargs)
           ^^^^^^^^^^^^^^^^^^^^^^^^^^^^^^^^^^^
  File "/home/kavia/workspace/code-generation/eventmanagerapi-63356-3d1b5f05/event_manager_backend/venv/lib/python3.12/site-packages/django/views/generic/base.py", line 104, in view
    return self.dispatch(request, *args, **kwargs)
           ^^^^^^^^^^^^^^^^^^^^^^^^^^^^^^^^^^^^^^^
  File "/home/kavia/workspace/code-generation/eventmanagerapi-63356-3d1b5f05/event_manager_backend/venv/lib/python3.12/site-packages/rest_framework/views.py", line 515, in dispatch
    response = self.handle_exception(exc)
               ^^^^^^^^^^^^^^^^^^^^^^^^^^
  File "/home/kavia/workspace/code-generation/eventmanagerapi-63356-3d1b5f05/event_manager_backend/venv/lib/python3.12/site-packages/rest_framework/views.py", line 475, in handle_exception
    self.raise_uncaught_exception(exc)
  File "/home/kavia/workspace/code-generation/eventmanagerapi-63356-3d1b5f05/event_manager_backend/venv/lib/python3.12/site-packages/rest_framework/views.py", line 486, in raise_uncaught_exception
    raise exc
  File "/home/kavia/workspace/code-generation/eventmanagerapi-63356-3d1b5f05/event_manager_backend/venv/lib/python3.12/site-packages/rest_framework/views.py", line 512, in dispatch
    response = handler(request, *args, **kwargs)
               ^^^^^^^^^^^^^^^^^^^^^^^^^^^^^^^^^
  File "/home/kavia/workspace/code-generation/eventmanagerapi-63356-3d1b5f05/event_manager_backend/venv/lib/python3.12/site-packages/rest_framework/decorators.py", line 50, in handler
    return func(*args, **kwargs)
           ^^^^^^^^^^^^^^^^^^^^^
  File "/home/kavia/workspace/code-generation/eventmanagerapi-63356-3d1b5f05/event_manager_backend/api/views.py", line 17, in health
    return JsonResponse({
           ^^^^^^^^^^^^
NameError: name 'JsonResponse' is not defined
[01/Jul/2025 13:28:42] "GET /api/health/ HTTP/1.1" 500 94203
[01/Jul/2025 13:28:49] "GET /static/drf-yasg/swagger-ui-dist/swagger-ui.css.map HTTP/1.1" 200 251096
[01/Jul/2025 13:28:49] "GET /static/drf-yasg/swagger-ui-dist/swagger-ui.css.map HTTP/1.1" 200 251096
[01/Jul/2025 13:28:49] "GET /static/drf-yasg/swagger-ui-dist/swagger-ui-standalone-preset.js.map HTTP/1.1" 200 517830
[01/Jul/2025 13:28:49] "GET /static/drf-yasg/swagger-ui-dist/swagger-ui-bundle.js.map HTTP/1.1" 200 1540070
Internal Server Error: /api/health/
Traceback (most recent call last):
  File "/home/kavia/workspace/code-generation/eventmanagerapi-63356-3d1b5f05/event_manager_backend/venv/lib/python3.12/site-packages/django/core/handlers/exception.py", line 55, in inner
    response = get_response(request)
               ^^^^^^^^^^^^^^^^^^^^^
  File "/home/kavia/workspace/code-generation/eventmanagerapi-63356-3d1b5f05/event_manager_backend/venv/lib/python3.12/site-packages/django/core/handlers/base.py", line 197, in _get_response
    response = wrapped_callback(request, *callback_args, **callback_kwargs)
               ^^^^^^^^^^^^^^^^^^^^^^^^^^^^^^^^^^^^^^^^^^^^^^^^^^^^^^^^^^^^
  File "/home/kavia/workspace/code-generation/eventmanagerapi-63356-3d1b5f05/event_manager_backend/venv/lib/python3.12/site-packages/django/views/decorators/csrf.py", line 65, in _view_wrapper
    return view_func(request, *args, **kwargs)
           ^^^^^^^^^^^^^^^^^^^^^^^^^^^^^^^^^^^
  File "/home/kavia/workspace/code-generation/eventmanagerapi-63356-3d1b5f05/event_manager_backend/venv/lib/python3.12/site-packages/django/views/generic/base.py", line 104, in view
    return self.dispatch(request, *args, **kwargs)
           ^^^^^^^^^^^^^^^^^^^^^^^^^^^^^^^^^^^^^^^
  File "/home/kavia/workspace/code-generation/eventmanagerapi-63356-3d1b5f05/event_manager_backend/venv/lib/python3.12/site-packages/rest_framework/views.py", line 515, in dispatch
    response = self.handle_exception(exc)
               ^^^^^^^^^^^^^^^^^^^^^^^^^^
  File "/home/kavia/workspace/code-generation/eventmanagerapi-63356-3d1b5f05/event_manager_backend/venv/lib/python3.12/site-packages/rest_framework/views.py", line 475, in handle_exception
    self.raise_uncaught_exception(exc)
  File "/home/kavia/workspace/code-generation/eventmanagerapi-63356-3d1b5f05/event_manager_backend/venv/lib/python3.12/site-packages/rest_framework/views.py", line 486, in raise_uncaught_exception
    raise exc
  File "/home/kavia/workspace/code-generation/eventmanagerapi-63356-3d1b5f05/event_manager_backend/venv/lib/python3.12/site-packages/rest_framework/views.py", line 512, in dispatch
    response = handler(request, *args, **kwargs)
               ^^^^^^^^^^^^^^^^^^^^^^^^^^^^^^^^^
  File "/home/kavia/workspace/code-generation/eventmanagerapi-63356-3d1b5f05/event_manager_backend/venv/lib/python3.12/site-packages/rest_framework/decorators.py", line 50, in handler
    return func(*args, **kwargs)
           ^^^^^^^^^^^^^^^^^^^^^
  File "/home/kavia/workspace/code-generation/eventmanagerapi-63356-3d1b5f05/event_manager_backend/api/views.py", line 17, in health
    return JsonResponse({
           ^^^^^^^^^^^^
NameError: name 'JsonResponse' is not defined
[01/Jul/2025 13:28:54] "GET /api/health/ HTTP/1.1" 500 94203
/home/kavia/workspace/code-generation/eventmanagerapi-63356-3d1b5f05/event_manager_backend/api/views.py changed, reloading.
Watching for file changes with StatReloader
Performing system checks...

System check identified no issues (0 silenced).
July 01, 2025 - 13:29:20
Django version 5.2, using settings 'config.settings'
Starting development server at http://0.0.0.0:3001/
Quit the server with CONTROL-C.

WARNING: This is a development server. Do not use it in a production setting. Use a production WSGI or ASGI server instead.
For more information on production servers see: https://docs.djangoproject.com/en/5.2/howto/deployment/
[01/Jul/2025 13:29:23] "GET /static/drf-yasg/swagger-ui-dist/swagger-ui.css.map HTTP/1.1" 200 251096
[01/Jul/2025 13:29:23] "GET /static/drf-yasg/swagger-ui-dist/swagger-ui.css.map HTTP/1.1" 200 251096
[01/Jul/2025 13:29:23] "GET /static/drf-yasg/swagger-ui-dist/swagger-ui-standalone-preset.js.map HTTP/1.1" 200 517830
[01/Jul/2025 13:29:23] "GET /static/drf-yasg/swagger-ui-dist/swagger-ui-bundle.js.map HTTP/1.1" 200 1540070
[01/Jul/2025 13:29:23] "GET /api/health/ HTTP/1.1" 200 251
/home/kavia/workspace/code-generation/eventmanagerapi-63356-3d1b5f05/event_manager_backend/config/urls.py changed, reloading.
Watching for file changes with StatReloader
Performing system checks...

System check identified no issues (0 silenced).
July 01, 2025 - 13:44:58
Django version 5.2, using settings 'config.settings'
Starting development server at http://0.0.0.0:3001/
Quit the server with CONTROL-C.

WARNING: This is a development server. Do not use it in a production setting. Use a production WSGI or ASGI server instead.
For more information on production servers see: https://docs.djangoproject.com/en/5.2/howto/deployment/
[01/Jul/2025 13:45:12] "GET /docs/ HTTP/1.1" 200 2206
[01/Jul/2025 13:45:12] "GET /static/drf-yasg/style.css HTTP/1.1" 200 1047
[01/Jul/2025 13:45:12] "GET /static/drf-yasg/insQ.min.js HTTP/1.1" 200 2093
[01/Jul/2025 13:45:12] "GET /static/drf-yasg/immutable.min.js HTTP/1.1" 200 56904
[01/Jul/2025 13:45:12] "GET /static/drf-yasg/swagger-ui-init.js HTTP/1.1" 200 15480
[01/Jul/2025 13:45:12] "GET /static/drf-yasg/swagger-ui-dist/swagger-ui.css HTTP/1.1" 200 145206
[01/Jul/2025 13:45:12] "GET /static/drf-yasg/swagger-ui-dist/swagger-ui-standalone-preset.js HTTP/1.1" 200 322863
[01/Jul/2025 13:45:12] "GET /static/drf-yasg/swagger-ui-dist/swagger-ui-bundle.js HTTP/1.1" 200 1046583
[01/Jul/2025 13:45:14] "GET /static/drf-yasg/swagger-ui-dist/swagger-ui.css.map HTTP/1.1" 200 251096
[01/Jul/2025 13:45:15] "GET /static/drf-yasg/swagger-ui-dist/swagger-ui-bundle.js.map HTTP/1.1" 200 1540070
[01/Jul/2025 13:45:15] "GET /static/drf-yasg/swagger-ui-dist/swagger-ui-standalone-preset.js.map HTTP/1.1" 200 517830
[01/Jul/2025 13:45:15] "GET /docs/?format=openapi HTTP/1.1" 200 6249
[01/Jul/2025 13:45:16] "GET /docs/?format=openapi HTTP/1.1" 200 6249
[01/Jul/2025 13:45:16] "GET /docs/?format=openapi HTTP/1.1" 200 6249
[01/Jul/2025 13:45:24] "GET /api/health/ HTTP/1.1" 200 251
Forbidden: /api/events/
[01/Jul/2025 13:45:48] "POST /api/events/ HTTP/1.1" 403 58
/home/kavia/workspace/code-generation/eventmanagerapi-63356-3d1b5f05/event_manager_backend/api/views.py changed, reloading.
Watching for file changes with StatReloader
Performing system checks...

System check identified no issues (0 silenced).
July 01, 2025 - 13:46:46
Django version 5.2, using settings 'config.settings'
Starting development server at http://0.0.0.0:3001/
Quit the server with CONTROL-C.

WARNING: This is a development server. Do not use it in a production setting. Use a production WSGI or ASGI server instead.
For more information on production servers see: https://docs.djangoproject.com/en/5.2/howto/deployment/
/home/kavia/workspace/code-generation/eventmanagerapi-63356-3d1b5f05/event_manager_backend/api/urls.py changed, reloading.
Watching for file changes with StatReloader
Performing system checks...

System check identified no issues (0 silenced).
July 01, 2025 - 13:46:48
Django version 5.2, using settings 'config.settings'
Starting development server at http://0.0.0.0:3001/
Quit the server with CONTROL-C.

WARNING: This is a development server. Do not use it in a production setting. Use a production WSGI or ASGI server instead.
For more information on production servers see: https://docs.djangoproject.com/en/5.2/howto/deployment/
/home/kavia/workspace/code-generation/eventmanagerapi-63356-3d1b5f05/event_manager_backend/config/urls.py changed, reloading.
Watching for file changes with StatReloader
Performing system checks...

System check identified no issues (0 silenced).
July 01, 2025 - 13:46:50
Django version 5.2, using settings 'config.settings'
Starting development server at http://0.0.0.0:3001/
Quit the server with CONTROL-C.

WARNING: This is a development server. Do not use it in a production setting. Use a production WSGI or ASGI server instead.
For more information on production servers see: https://docs.djangoproject.com/en/5.2/howto/deployment/
/home/kavia/workspace/code-generation/eventmanagerapi-63356-3d1b5f05/event_manager_backend/api/views.py changed, reloading.
Watching for file changes with StatReloader
Performing system checks...

System check identified no issues (0 silenced).
July 01, 2025 - 13:46:55
Django version 5.2, using settings 'config.settings'
Starting development server at http://0.0.0.0:3001/
Quit the server with CONTROL-C.

WARNING: This is a development server. Do not use it in a production setting. Use a production WSGI or ASGI server instead.
For more information on production servers see: https://docs.djangoproject.com/en/5.2/howto/deployment/
/home/kavia/workspace/code-generation/eventmanagerapi-63356-3d1b5f05/event_manager_backend/config/urls.py changed, reloading.
Watching for file changes with StatReloader
Performing system checks...

System check identified no issues (0 silenced).
July 01, 2025 - 13:46:58
Django version 5.2, using settings 'config.settings'
Starting development server at http://0.0.0.0:3001/
Quit the server with CONTROL-C.

WARNING: This is a development server. Do not use it in a production setting. Use a production WSGI or ASGI server instead.
For more information on production servers see: https://docs.djangoproject.com/en/5.2/howto/deployment/
/home/kavia/workspace/code-generation/eventmanagerapi-63356-3d1b5f05/event_manager_backend/config/urls.py changed, reloading.
